
> chassis@0.3.6 pretest
> npm run compile && npm run lint


> chassis@0.3.6 compile
> tsc -p ./ && mkdir -p out/data && cp src/data/commands.json out/data/commands.json && node scripts/postcompile.js

[CHASSIS RULE 9] src/commands/apiSetupHtml.ts is 216 lines -- split required before editing
[CHASSIS RULE 9] src/core/build/chatPanelBuild.ts is 225 lines -- split required before editing
[CHASSIS RULE 9] src/core/build/chatPanelChunked.ts is 202 lines -- split required before editing
[CHASSIS RULE 9] src/core/build/chatPanelChunkedLoop.ts is 203 lines -- split required before editing
[CHASSIS RULE 9] src/core/project/chatPanelMsgProjectOps.ts is 218 lines -- split required before editing
[CHASSIS RULE 9] src/core/routing/chatPanelMessageRouterEarlyExits.ts is 206 lines -- split required before editing
[CHASSIS RULE 9] src/core/routing/chatPanelMsgFix.ts is 229 lines -- split required before editing
[CHASSIS RULE 9] src/core/routing/chatPanelMsgFixUtils.ts is 221 lines -- split required before editing
[CHASSIS RULE 9] src/core/routing/chatPanelMsgSendMessage.ts is 207 lines -- split required before editing
[CHASSIS RULE 9] src/services/ai/guardianAI.ts is 227 lines -- split required before editing
[CHASSIS RULE 9] src/services/ai/routingService.ts is 226 lines -- split required before editing
[CHASSIS RULE 9] src/services/build/buildOrchestrator.ts is 201 lines -- split required before editing
[CHASSIS RULE 9] src/services/logging/chassisLogger.ts is 277 lines -- split required before editing
[CHASSIS RULE 9] src/services/mcpService.ts is 205 lines -- split required before editing
[CHASSIS RULE 9] src/services/sessionService.ts is 213 lines -- split required before editing
[CHASSIS RULE 9] src/services/userMemoryService.ts is 225 lines -- split required before editing
[CHASSIS RULE 9] src/ui/panels/chat/chatPanelScript.ts is 212 lines -- split required before editing
CHASSIS: Ready to commit
Message: CHASSIS checkpoint: 2026-05-22T12:55:23.637Z — testing chassis
Run "chassis.autoCommit" command to complete commit

> chassis@0.3.6 lint
> eslint src


/home/papajoe/projects/chassis/src/core/logging/masterLogger.ts
  55:27  warning  Expected { after 'if' condition  curly
  74:24  warning  Expected { after 'if' condition  curly
  87:50  warning  Expected { after 'if' condition  curly

/home/papajoe/projects/chassis/src/tests/utils/logDumper.ts
  15:43  warning  Expected { after 'if' condition  curly
  16:51  warning  Expected { after 'if' condition  curly
  17:55  warning  Expected { after 'if' condition  curly
  20:36  warning  Expected { after 'if' condition  curly
  27:31  warning  Expected { after 'if' condition  curly

✖ 8 problems (0 errors, 8 warnings)
  0 errors and 8 warnings potentially fixable with the `--fix` option.


> chassis@0.3.6 test
> vscode-test

- Resolving version...
✔ Validated version: 1.121.0
✔ Found existing install in /home/papajoe/projects/chassis/.vscode-test/vscode-linux-x64-1.121.0
[90m[main 2026-05-22T12:55:32.788Z][0m StorageMainService: creating application shared storage
[90m[main 2026-05-22T12:55:32.879Z][0m [shared storage] Creating shared storage database at ':memory:' (wasCreated: true)
[90m[main 2026-05-22T12:55:32.880Z][0m [shared storage] Initializing fallback application storage (path: in-memory)
[90m[main 2026-05-22T12:55:32.999Z][0m [shared storage] Fallback application storage initialized with 3 items
[90m[main 2026-05-22T12:55:33.000Z][0m update#setState disabled
[90m[main 2026-05-22T12:55:33.002Z][0m update#ctor - updates are disabled by the environment
Started local extension host with pid 552564.
Loading development extension at /home/papajoe/projects/chassis
[AccountPolicyGate] apply: state=inactive, reason=undefined, isRestricted=false

  Core AI Routing Unit Tests
Settings Sync: Account status changed from uninitialized to unavailable
[CHASSIS] Activating...
[2026-05-22T12:55:37.984Z] [INFO] [AI] Testing fallbackClassify with build intent
    ✔ fallbackClassify should correctly identify a build intent
[2026-05-22T12:55:37.992Z] [INFO] [AI] Attempting unauthorized live API call
    1) should fail if attempting a live API call without a mock setup

================= TEST FAILED =================
Test: should fail if attempting a live API call without a mock setup
Target Domain: AI

--- AI Domain Logs (Current Session) ---
[2026-05-22T12:55:37.984Z] [INFO] [AI] Testing fallbackClassify with build intent
[2026-05-22T12:55:37.992Z] [INFO] [AI] Attempting unauthorized live API call
===============================================

  1 passing (543ms)
  1 failing
  1) Core AI Routing Unit Tests
       should fail if attempting a live API call without a mock setup:
     NetConnectNotAllowedError: Nock: Disallowed net connect for "generativelanguage.googleapis.com:443/v1beta/models/gemini-1.5-flash:generateContent"
  	at _Emitter.<anonymous> (node_modules/nock/lib/intercept.js:429:17)
  	at emitAsync (node_modules/@mswjs/interceptors/lib/node/handleRequest-C-cKYjIh.cjs:34:51)
  	at /home/papajoe/projects/chassis/node_modules/@mswjs/interceptors/lib/node/handleRequest-C-cKYjIh.cjs:141:35
  	at until (node_modules/@open-draft/until/lib/index.js:29:24)
  	at Object.handleRequest (node_modules/@mswjs/interceptors/lib/node/handleRequest-C-cKYjIh.cjs:140:51)
  	at fetchProxy (node_modules/@mswjs/interceptors/lib/node/fetch-D2ClLNN-.cjs:238:32)
  	at Context.<anonymous> (out/tests/core/ai/routing.test.js:22:15)
  	at process.processImmediate (node:internal/timers:484:21)

1 test failed.
[90m[main 2026-05-22T12:55:38.185Z][0m Extension host with pid 552564 exited with code: 0, signal: unknown.
Exit code:   1
